[datanalytics.com/libro_r/index.html]
[backblue.gif]
[fade.gif]
[index.html]
[datanalytics.com/libro_r/contenido-y-plan-del-libro.html]
[datanalytics.com/libro_r/libs/jquery-2.2.3/jquery.min.js]
[datanalytics.com/libro_r/libs/gitbook-2.6.7/css/style.css]
[datanalytics.com/libro_r/libs/gitbook-2.6.7/css/plugin-bookdown.css]
[datanalytics.com/libro_r/libs/gitbook-2.6.7/css/plugin-highlight.css]
[datanalytics.com/libro_r/libs/gitbook-2.6.7/css/plugin-search.css]
[datanalytics.com/libro_r/libs/gitbook-2.6.7/css/plugin-fontsettings.css]
[datanalytics.com/libro_r/style.css]
[datanalytics.com/libro_r/rstudio-y-la-instalacion-del-entorno.html]
[datanalytics.com/libro_r/tablas-dataframes.html]
[datanalytics.com/libro_r/inspeccion-de-una-tabla.html]
[datanalytics.com/libro_r/seleccion-de-filas-y-columnas.html]
[datanalytics.com/libro_r/creacion-y-eliminacion-de-tablas-y-columnas.html]
[datanalytics.com/libro_r/ordenacion.html]
[datanalytics.com/libro_r/lectura-de-datos-externos.html]
[datanalytics.com/libro_r/graficos-basicos.html]
[datanalytics.com/libro_r/resumen-y-referencias.html]
[datanalytics.com/libro_r/ejercicios-adicionales.html]
[datanalytics.com/libro_r/vectores.html]
[datanalytics.com/libro_r/creacion-de-vectores.html]
[datanalytics.com/libro_r/inspeccion-de-vectores.html]
[datanalytics.com/libro_r/selecciones.html]
[datanalytics.com/libro_r/distribuciones-de-probabilidad.html]
[datanalytics.com/libro_r/ordenacion-1.html]
[datanalytics.com/libro_r/operaciones-matematicas-y-vectorizacion.html]
[datanalytics.com/libro_r/digresion-una-calculadora-de-hipotecas-con-r.html]
[datanalytics.com/libro_r/digresion-creacion-de-funciones.html]
[datanalytics.com/libro_r/la-funcion-tapply.html]
[datanalytics.com/libro_r/resumen-y-referencias-1.html]
[datanalytics.com/libro_r/ejercicios-adicionales-1.html]
[datanalytics.com/libro_r/introduccion-a-la-estadistica-con-r.html]
[datanalytics.com/libro_r/el-test-de-student.html]
[datanalytics.com/libro_r/regresion-lineal.html]
[datanalytics.com/libro_r/regresion-logistica.html]
[datanalytics.com/libro_r/resumen-y-referencias-2.html]
[datanalytics.com/libro_r/ejercicios-adicionales-2.html]
[datanalytics.com/libro_r/listas.html]
[datanalytics.com/libro_r/algunos-usos-de-las-listas.html]
[datanalytics.com/libro_r/exploracion-y-manipulacion-de-listas.html]
[datanalytics.com/libro_r/las-funciones-lapply-sapply-y-split.html]
[datanalytics.com/libro_r/resumen-y-referencias-3.html]
[datanalytics.com/libro_r/ejercicios-adicionales-3.html]
[datanalytics.com/libro_r/paquetes-rmarkdown-y-shiny.html]
[datanalytics.com/libro_r/paquetes.html]
[datanalytics.com/libro_r/rmarkdown.html]
[datanalytics.com/libro_r/shiny.html]
[datanalytics.com/libro_r/resumen-y-referencias-4.html]
[datanalytics.com/libro_r/ejercicios-adicionales-4.html]
[datanalytics.com/libro_r/web-scraping-y-manipulacion-basica-de-texto.html]
[datanalytics.com/libro_r/web-scraping.html]
[datanalytics.com/libro_r/manipulacion-basica-de-texto.html]
[datanalytics.com/libro_r/json-y-xml.html]
[datanalytics.com/libro_r/resumen-y-referencias-5.html]
[datanalytics.com/libro_r/ejercicios-adicionales-5.html]
[datanalytics.com/libro_r/pivotacion-de-tablas-con-reshape2.html]
[datanalytics.com/libro_r/la-funcion-melt-y-datos-en-formato-largo.html]
[datanalytics.com/libro_r/la-funcion-dcast-y-datos-en-formato-ancho.html]
[datanalytics.com/libro_r/resumen-y-referencias-6.html]
[datanalytics.com/libro_r/ejercicios-adicionales-6.html]
[datanalytics.com/libro_r/introduccion-a-ggplot2.html]
[datanalytics.com/libro_r/una-primera-toma-de-contacto.html]
[datanalytics.com/libro_r/elementos-de-un-grafico-en-ggplot2.html]
[datanalytics.com/libro_r/ejemplos.html]
[datanalytics.com/libro_r/resumen-y-referencias-7.html]
[datanalytics.com/libro_r/ejercicios-adicionales-7.html]
[datanalytics.com/libro_r/introduccion-a-ggmap.html]
[datanalytics.com/libro_r/funciones-de-ggmap.html]
[datanalytics.com/libro_r/ejemplos-1.html]
[datanalytics.com/libro_r/resumen-y-referencias-8.html]
[datanalytics.com/libro_r/ejercicios-adicionales-8.html]
[datanalytics.com/libro_r/procesamiento-de-tablas-por-trozos-con-plyr.html]
[datanalytics.com/libro_r/resumenes-de-datos-por-bloques.html]
[datanalytics.com/libro_r/otras-funciones-similares-a-ddply-de-plyr.html]
[datanalytics.com/libro_r/transformaciones-de-datos-por-bloques.html]
[datanalytics.com/libro_r/mas-alla-de-summarize-y-transform.html]
[datanalytics.com/libro_r/cruces-de-tablas.html]
[datanalytics.com/libro_r/resumen-y-referencias-9.html]
[datanalytics.com/libro_r/ejercicios-adicionales-9.html]
[datanalytics.com/libro_r/programacion-en-r.html]
[datanalytics.com/libro_r/programacion-imperativa-en-r.html]
[datanalytics.com/libro_r/programacion-funcional-en-r.html]
[datanalytics.com/libro_r/orientacion-a-objetos.html]
[datanalytics.com/libro_r/resumen-y-referencias-10.html]
[datanalytics.com/libro_r/ejercicios-adicionales-10.html]
[datanalytics.com/libro_r/estadistica-y-ciencia-de-datos-con-r.html]
[datanalytics.com/libro_r/arboles-de-decision.html]
[datanalytics.com/libro_r/igualdad-de-medias-y-t-test.html]
[datanalytics.com/libro_r/igualdad-de-medias-mediante-remuestreos.html]
[datanalytics.com/libro_r/regresion-lineal-1.html]
[datanalytics.com/libro_r/regresion-logistica-1.html]
[datanalytics.com/libro_r/modelos-no-lineales.html]
[datanalytics.com/libro_r/clustering-con-k-medias.html]
[datanalytics.com/libro_r/resumen-y-referencias-11.html]
[datanalytics.com/libro_r/ejercicios-adicionales-11.html]
[datanalytics.com/libro_r/libs/gitbook-2.6.7/js/lunr.js]
[datanalytics.com/libro_r/libs/gitbook-2.6.7/js/app.min.js]
[datanalytics.com/libro_r/libs/gitbook-2.6.7/js/plugin-search.js]
[datanalytics.com/libro_r/libs/gitbook-2.6.7/js/plugin-sharing.js]
[datanalytics.com/libro_r/libs/gitbook-2.6.7/js/plugin-fontsettings.js]
[datanalytics.com/libro_r/libs/gitbook-2.6.7/js/plugin-bookdown.js]
[datanalytics.com/libro_r/libs/gitbook-2.6.7/js/jquery.highlight.js]
[datanalytics.com/libro_r/index.html]
[datanalytics.com/libro_r/contenido-y-plan-del-libro.html]
[cdn.bootcss.com/mathjax/2.7.1/MathJaxb198.js]
[datanalytics.com/libro_r/libs/gitbook-2.6.7/css/style.css]
[datanalytics.com/libro_r/libs/gitbook-2.6.7/css/plugin-bookdown.css]
[datanalytics.com/libro_r/libs/gitbook-2.6.7/css/plugin-highlight.css]
[datanalytics.com/libro_r/libs/gitbook-2.6.7/css/plugin-search.css]
[datanalytics.com/libro_r/libs/gitbook-2.6.7/css/plugin-fontsettings.css]
[datanalytics.com/libro_r/style.css]
[datanalytics.com/libro_r/rstudio-y-la-instalacion-del-entorno.html]
[datanalytics.com/libro_r/tablas-dataframes.html]
[datanalytics.com/libro_r/inspeccion-de-una-tabla.html]
[datanalytics.com/libro_r/seleccion-de-filas-y-columnas.html]
[datanalytics.com/libro_r/creacion-y-eliminacion-de-tablas-y-columnas.html]
[datanalytics.com/libro_r/ordenacion.html]
[datanalytics.com/libro_r/lectura-de-datos-externos.html]
[datanalytics.com/libro_r/_main_files/figure-html/unnamed-chunk-41-1.png]
[datanalytics.com/libro_r/_main_files/figure-html/unnamed-chunk-43-1.png]
[datanalytics.com/libro_r/_main_files/figure-html/unnamed-chunk-46-1.png]
[datanalytics.com/libro_r/_main_files/figure-html/unnamed-chunk-48-1.png]
[datanalytics.com/libro_r/_main_files/figure-html/unnamed-chunk-50-1.png]
[datanalytics.com/libro_r/_main_files/figure-html/unnamed-chunk-54-1.png]
[datanalytics.com/libro_r/graficos-basicos.html]
[datanalytics.com/libro_r/resumen-y-referencias.html]
[datanalytics.com/libro_r/ejercicios-adicionales.html]
[datanalytics.com/libro_r/vectores.html]
[datanalytics.com/libro_r/creacion-de-vectores.html]
[datanalytics.com/libro_r/inspeccion-de-vectores.html]
[datanalytics.com/libro_r/selecciones.html]
[datanalytics.com/libro_r/_main_files/figure-html/unnamed-chunk-93-1.png]
[datanalytics.com/libro_r/_main_files/figure-html/unnamed-chunk-95-1.png]
[datanalytics.com/libro_r/_main_files/figure-html/unnamed-chunk-96-1.png]
[datanalytics.com/libro_r/distribuciones-de-probabilidad.html]
[datanalytics.com/libro_r/ordenacion-1.html]
[datanalytics.com/libro_r/operaciones-matematicas-y-vectorizacion.html]
[datanalytics.com/libro_r/digresion-una-calculadora-de-hipotecas-con-r.html]
[datanalytics.com/libro_r/digresion-creacion-de-funciones.html]
[datanalytics.com/libro_r/la-funcion-tapply.html]
[datanalytics.com/libro_r/resumen-y-referencias-1.html]
[datanalytics.com/libro_r/ejercicios-adicionales-1.html]
[datanalytics.com/libro_r/introduccion-a-la-estadistica-con-r.html]
[datanalytics.com/libro_r/_main_files/figure-html/unnamed-chunk-130-1.png]
[datanalytics.com/libro_r/el-test-de-student.html]
[datanalytics.com/libro_r/_main_files/figure-html/unnamed-chunk-134-1.png]
[datanalytics.com/libro_r/_main_files/figure-html/unnamed-chunk-135-1.png]
[datanalytics.com/libro_r/_main_files/figure-html/unnamed-chunk-137-1.png]
[datanalytics.com/libro_r/regresion-lineal.html]
[datanalytics.com/libro_r/regresion-logistica.html]
[datanalytics.com/libro_r/resumen-y-referencias-2.html]
[datanalytics.com/libro_r/ejercicios-adicionales-2.html]
[datanalytics.com/libro_r/listas.html]
[datanalytics.com/libro_r/algunos-usos-de-las-listas.html]
[datanalytics.com/libro_r/exploracion-y-manipulacion-de-listas.html]
[datanalytics.com/libro_r/las-funciones-lapply-sapply-y-split.html]
[datanalytics.com/libro_r/resumen-y-referencias-3.html]
[datanalytics.com/libro_r/ejercicios-adicionales-3.html]
[datanalytics.com/libro_r/paquetes-rmarkdown-y-shiny.html]
[datanalytics.com/libro_r/paquetes.html]
[datanalytics.com/libro_r/rmarkdown.html]
[datanalytics.com/libro_r/shiny.html]
[datanalytics.com/libro_r/resumen-y-referencias-4.html]
[datanalytics.com/libro_r/ejercicios-adicionales-4.html]
[datanalytics.com/libro_r/web-scraping-y-manipulacion-basica-de-texto.html]
[datanalytics.com/libro_r/web-scraping.html]
[datanalytics.com/libro_r/manipulacion-basica-de-texto.html]
[datanalytics.com/libro_r/json-y-xml.html]
[datanalytics.com/libro_r/resumen-y-referencias-5.html]
[datanalytics.com/libro_r/ejercicios-adicionales-5.html]
[datanalytics.com/libro_r/pivotacion-de-tablas-con-reshape2.html]
[datanalytics.com/libro_r/la-funcion-melt-y-datos-en-formato-largo.html]
[datanalytics.com/libro_r/la-funcion-dcast-y-datos-en-formato-ancho.html]
[datanalytics.com/libro_r/resumen-y-referencias-6.html]
[datanalytics.com/libro_r/ejercicios-adicionales-6.html]
[datanalytics.com/libro_r/_main_files/figure-html/unnamed-chunk-246-1.png]
[datanalytics.com/libro_r/introduccion-a-ggplot2.html]
[datanalytics.com/libro_r/_main_files/figure-html/unnamed-chunk-249-1.png]
[datanalytics.com/libro_r/una-primera-toma-de-contacto.html]
[datanalytics.com/libro_r/_main_files/figure-html/unnamed-chunk-254-1.png]
[datanalytics.com/libro_r/_main_files/figure-html/unnamed-chunk-256-1.png]
[datanalytics.com/libro_r/_main_files/figure-html/unnamed-chunk-258-1.png]
[datanalytics.com/libro_r/_main_files/figure-html/unnamed-chunk-259-1.png]
[datanalytics.com/libro_r/elementos-de-un-grafico-en-ggplot2.html]
[datanalytics.com/libro_r/_main_files/figure-html/unnamed-chunk-263-1.png]
[datanalytics.com/libro_r/_main_files/figure-html/unnamed-chunk-264-1.png]
[datanalytics.com/libro_r/_main_files/figure-html/unnamed-chunk-265-1.png]
[datanalytics.com/libro_r/_main_files/figure-html/unnamed-chunk-266-1.png]
[datanalytics.com/libro_r/_main_files/figure-html/unnamed-chunk-267-1.png]
[datanalytics.com/libro_r/_main_files/figure-html/unnamed-chunk-268-1.png]
[datanalytics.com/libro_r/ejemplos.html]
[datanalytics.com/libro_r/resumen-y-referencias-7.html]
[datanalytics.com/libro_r/ejercicios-adicionales-7.html]
[datanalytics.com/libro_r/_main_files/figure-html/unnamed-chunk-277-1.png]
[datanalytics.com/libro_r/introduccion-a-ggmap.html]
[datanalytics.com/libro_r/_main_files/figure-html/unnamed-chunk-278-1.png]
[datanalytics.com/libro_r/_main_files/figure-html/unnamed-chunk-281-1.png]
[datanalytics.com/libro_r/funciones-de-ggmap.html]
[datanalytics.com/libro_r/_main_files/figure-html/unnamed-chunk-283-1.png]
[datanalytics.com/libro_r/_main_files/figure-html/unnamed-chunk-284-1.png]
[datanalytics.com/libro_r/_main_files/figure-html/unnamed-chunk-285-1.png]
[datanalytics.com/libro_r/_main_files/figure-html/unnamed-chunk-289-1.png]
[datanalytics.com/libro_r/_main_files/figure-html/unnamed-chunk-290-1.png]
[datanalytics.com/libro_r/_main_files/figure-html/unnamed-chunk-291-1.png]
[datanalytics.com/libro_r/ejemplos-1.html]
[datanalytics.com/libro_r/resumen-y-referencias-8.html]
[datanalytics.com/libro_r/ejercicios-adicionales-8.html]
[datanalytics.com/libro_r/procesamiento-de-tablas-por-trozos-con-plyr.html]
[datanalytics.com/libro_r/resumenes-de-datos-por-bloques.html]
[datanalytics.com/libro_r/otras-funciones-similares-a-ddply-de-plyr.html]
[datanalytics.com/libro_r/transformaciones-de-datos-por-bloques.html]
[datanalytics.com/libro_r/mas-alla-de-summarize-y-transform.html]
[datanalytics.com/libro_r/cruces-de-tablas.html]
[datanalytics.com/libro_r/resumen-y-referencias-9.html]
[datanalytics.com/libro_r/ejercicios-adicionales-9.html]
[datanalytics.com/libro_r/programacion-en-r.html]
[datanalytics.com/libro_r/_main_files/figure-html/unnamed-chunk-342-1.png]
[datanalytics.com/libro_r/programacion-imperativa-en-r.html]
[datanalytics.com/libro_r/programacion-funcional-en-r.html]
[datanalytics.com/libro_r/orientacion-a-objetos.html]
[datanalytics.com/libro_r/resumen-y-referencias-10.html]
[datanalytics.com/libro_r/ejercicios-adicionales-10.html]
[datanalytics.com/libro_r/estadistica-y-ciencia-de-datos-con-r.html]
[datanalytics.com/libro_r/_main_files/figure-html/unnamed-chunk-390-1.png]
[datanalytics.com/libro_r/_main_files/figure-html/unnamed-chunk-395-1.png]
[datanalytics.com/libro_r/arboles-de-decision.html]
[datanalytics.com/libro_r/_main_files/figure-html/unnamed-chunk-404-1.png]
[datanalytics.com/libro_r/igualdad-de-medias-y-t-test.html]
[datanalytics.com/libro_r/_main_files/figure-html/unnamed-chunk-412-1.png]
[datanalytics.com/libro_r/igualdad-de-medias-mediante-remuestreos.html]
[datanalytics.com/libro_r/_main_files/figure-html/unnamed-chunk-415-1.png]
[datanalytics.com/libro_r/regresion-lineal-1.html]
[datanalytics.com/libro_r/regresion-logistica-1.html]
[datanalytics.com/libro_r/_main_files/figure-html/unnamed-chunk-429-1.png]
[datanalytics.com/libro_r/modelos-no-lineales.html]
[datanalytics.com/libro_r/clustering-con-k-medias.html]
[datanalytics.com/libro_r/resumen-y-referencias-11.html]
[datanalytics.com/libro_r/ejercicios-adicionales-11.html]
[datanalytics.com/libro_r/index-2.html]
[datanalytics.com/libro_r/index-2.html]
[datanalytics.com/libro_r/libs/gitbook-2.6.7/css/fontawesome/fontawesome-webfont862f.html]
